(node:4164) Warning: SECURITY WARNING: The SSL modes 'prefer', 'require', and 'verify-ca' are treated as aliases for 'verify-full'.
In the next major version (pg-connection-string v3.0.0 and pg v9.0.0), these modes will adopt standard libpq semantics, which have weaker security guarantees.

To prepare for this change:
- If you want the current behavior, explicitly use 'sslmode=verify-full'
- If you want libpq compatibility now, use 'uselibpqcompat=true&sslmode=require'

See https://www.postgresql.org/docs/current/libpq-ssl.html for libpq SSL mode definitions.
(Use `node --trace-warnings ...` to show where the warning was created)
(node:4164) Warning: Setting the NODE_TLS_REJECT_UNAUTHORIZED environment variable to '0' makes TLS connections and HTTPS requests insecure by disabling certificate verification.
RECORDS: [
  {
    id: 1,
    empresa_id: 'DEMO',
    anio: 2024,
    mes: 1,
    ventas_netas: '1000.00'
  },
  {
    id: 2,
    empresa_id: 'demo',
    anio: 2026,
    mes: 1,
    ventas_netas: '18500000.00'
  },
  {
    id: 4,
    empresa_id: 'demo',
    anio: 2026,
    mes: 3,
    ventas_netas: '25000000.00'
  },
  {
    id: 10,
    empresa_id: 'DEMO',
    anio: 2026,
    mes: 1,
    ventas_netas: '28000000.00'
  },
  {
    id: 11,
    empresa_id: 'DEMO',
    anio: 2026,
    mes: 2,
    ventas_netas: '22000000.00'
  }
]
